[
  {
    "timestamp": "2026-08-22T11:47:39.412225+00:00",
    "action": "orchestrator_startup",
    "target_namespace": "shadow",
    "previous_namespace": "",
    "new_namespace": "",
    "user": "Shashank",
    "pid": 23064,
    "hostname": "LAPTOP-SKGTHGUL"
  },
  {
    "timestamp": "2026-08-22T11:47:43.521084+00:00",
    "action": "orchestrator_startup",
    "target_namespace": "production",
    "previous_namespace": "",
    "new_namespace": "",
    "user": "Shashank",
    "pid": 14656,
    "hostname": "LAPTOP-SKGTHGUL"
  },
  {
    "timestamp": "2026-08-22T11:47:57.123844+00:00",
    "action": "orchestrator_startup",
    "target_namespace": "production",
    "previous_namespace": "",
    "new_namespace": "",
    "user": "Shashank",
    "pid": 3736,
    "hostname": "LAPTOP-SKGTHGUL"
  },
  {
    "timestamp": "2026-08-22T13:25:17.345439+00:00",
    "action": "orchestrator_startup",
    "target_namespace": "production",
    "previous_namespace": "",
    "new_namespace": "",
    "user": "Shashank",
    "pid": 29968,
    "hostname": "LAPTOP-SKGTHGUL"
  },
  {
    "timestamp": "2026-08-22T14:02:40.917253+00:00",
    "action": "orchestrator_startup",
    "target_namespace": "production",
    "previous_namespace": "",
    "new_namespace": "",
    "user": "Shashank",
    "pid": 29368,
    "hostname": "LAPTOP-SKGTHGUL"
  },
  {
    "timestamp": "2026-08-22T14:16:24.474702+00:00",
    "action": "orchestrator_startup",
    "target_namespace": "production",
    "previous_namespace": "",
    "new_namespace": "",
    "user": "Shashank",
    "pid": 17972,
    "hostname": "LAPTOP-SKGTHGUL"
  },
  {
    "timestamp": "2026-08-22T14:16:47.078419+00:00",
    "action": "orchestrator_startup",
    "target_namespace": "production",
    "previous_namespace": "",
    "new_namespace": "",
    "user": "Shashank",
    "pid": 22068,
    "hostname": "LAPTOP-SKGTHGUL"
  },
  {
    "timestamp": "2026-08-22T14:17:03.092974+00:00",
    "action": "orchestrator_startup",
    "target_namespace": "production",
    "previous_namespace": "",
    "new_namespace": "",
    "user": "Shashank",
    "pid": 23916,
    "hostname": "LAPTOP-SKGTHGUL"
  },
  {
    "timestamp": "2026-08-22T14:19:25.342040+00:00",
    "action": "orchestrator_startup",
    "target_namespace": "production",
    "previous_namespace": "",
    "new_namespace": "",
    "user": "Shashank",
    "pid": 27364,
    "hostname": "LAPTOP-SKGTHGUL"
  },
  {
    "timestamp": "2026-08-22T17:32:39.513470+00:00",
    "action": "orchestrator_startup",
    "target_namespace": "production",
    "previous_namespace": "",
    "new_namespace": "",
    "user": "Shashank",
    "pid": 20584,
    "hostname": "LAPTOP-SKGTHGUL"
  },
  {
    "timestamp": "2026-08-22T17:34:02.377412+00:00",
    "action": "orchestrator_startup",
    "target_namespace": "production",
    "previous_namespace": "",
    "new_namespace": "",
    "user": "Shashank",
    "pid": 2600,
    "hostname": "LAPTOP-SKGTHGUL"
  },
  {
    "timestamp": "2026-08-22T17:37:32.227267+00:00",
    "action": "orchestrator_startup",
    "target_namespace": "shadow",
    "previous_namespace": "",
    "new_namespace": "",
    "user": "Shashank",
    "pid": 31644,
    "hostname": "LAPTOP-SKGTHGUL"
  },
  {
    "timestamp": "2026-08-22T17:37:40.495571+00:00",
    "action": "orchestrator_startup",
    "target_namespace": "production",
    "previous_namespace": "",
    "new_namespace": "",
    "user": "Shashank",
    "pid": 30400,
    "hostname": "LAPTOP-SKGTHGUL"
  },
  {
    "timestamp": "2026-08-22T17:39:08.788279+00:00",
    "action": "orchestrator_startup",
    "target_namespace": "production",
    "previous_namespace": "",
    "new_namespace": "",
    "user": "Shashank",
    "pid": 17024,
    "hostname": "LAPTOP-SKGTHGUL"
  }
]